// Jest Snapshot v1, https://goo.gl/fbAQLP

exports[`Card tests should match the snapshot 1`] = `undefined`;
