// Jest Snapshot v1, https://goo.gl/fbAQLP

exports[`Welcome tests should match the snapshot 1`] = `
ShallowWrapper {
  "length": 1,
  Symbol(enzyme.__root__): [Circular],
  Symbol(enzyme.__unrendered__): <Welcome />,
  Symbol(enzyme.__renderer__): Object {
    "batchedUpdates": [Function],
    "getNode": [Function],
    "render": [Function],
    "simulateEvent": [Function],
    "unmount": [Function],
  },
  Symbol(enzyme.__node__): Object {
    "instance": null,
    "key": undefined,
    "nodeType": "host",
    "props": Object {
      "children": Array [
        <div
          className="welcome-text"
>
          <div>
                    <h1
                              className="welcome-title"
                    >
                              Coin Watch
                    </h1>
                    <p>
                              Track your profits and only watch the coins you care about.
                    </p>
          </div>
          <div>
                    <Link
                              replace={false}
                              to="/login"
                    >
                              <button
                                        className="start-button"
                              >
                                        Get started
                              </button>
                    </Link>
          </div>
</div>,
        <img
          alt="line graph"
          className="line-graph"
          src="thin-line.svg"
/>,
      ],
      "className": "welcome",
    },
    "ref": null,
    "rendered": Array [
      Object {
        "instance": null,
        "key": undefined,
        "nodeType": "host",
        "props": Object {
          "children": Array [
            <div>
              <h1
                            className="welcome-title"
              >
                            Coin Watch
              </h1>
              <p>
                            Track your profits and only watch the coins you care about.
              </p>
</div>,
            <div>
              <Link
                            replace={false}
                            to="/login"
              >
                            <button
                                          className="start-button"
                            >
                                          Get started
                            </button>
              </Link>
</div>,
          ],
          "className": "welcome-text",
        },
        "ref": null,
        "rendered": Array [
          Object {
            "instance": null,
            "key": undefined,
            "nodeType": "host",
            "props": Object {
              "children": Array [
                <h1
                  className="welcome-title"
>
                  Coin Watch
</h1>,
                <p>
                  Track your profits and only watch the coins you care about.
</p>,
              ],
            },
            "ref": null,
            "rendered": Array [
              Object {
                "instance": null,
                "key": undefined,
                "nodeType": "host",
                "props": Object {
                  "children": "Coin Watch",
                  "className": "welcome-title",
                },
                "ref": null,
                "rendered": "Coin Watch",
                "type": "h1",
              },
              Object {
                "instance": null,
                "key": undefined,
                "nodeType": "host",
                "props": Object {
                  "children": "Track your profits and only watch the coins you care about.",
                },
                "ref": null,
                "rendered": "Track your profits and only watch the coins you care about.",
                "type": "p",
              },
            ],
            "type": "div",
          },
          Object {
            "instance": null,
            "key": undefined,
            "nodeType": "host",
            "props": Object {
              "children": <Link
                replace={false}
                to="/login"
>
                <button
                                className="start-button"
                >
                                Get started
                </button>
</Link>,
            },
            "ref": null,
            "rendered": Object {
              "instance": null,
              "key": undefined,
              "nodeType": "class",
              "props": Object {
                "children": <button
                  className="start-button"
>
                  Get started
</button>,
                "replace": false,
                "to": "/login",
              },
              "ref": null,
              "rendered": Object {
                "instance": null,
                "key": undefined,
                "nodeType": "host",
                "props": Object {
                  "children": "Get started",
                  "className": "start-button",
                },
                "ref": null,
                "rendered": "Get started",
                "type": "button",
              },
              "type": [Function],
            },
            "type": "div",
          },
        ],
        "type": "div",
      },
      Object {
        "instance": null,
        "key": undefined,
        "nodeType": "host",
        "props": Object {
          "alt": "line graph",
          "className": "line-graph",
          "src": "thin-line.svg",
        },
        "ref": null,
        "rendered": null,
        "type": "img",
      },
    ],
    "type": "div",
  },
  Symbol(enzyme.__nodes__): Array [
    Object {
      "instance": null,
      "key": undefined,
      "nodeType": "host",
      "props": Object {
        "children": Array [
          <div
            className="welcome-text"
>
            <div>
                        <h1
                                    className="welcome-title"
                        >
                                    Coin Watch
                        </h1>
                        <p>
                                    Track your profits and only watch the coins you care about.
                        </p>
            </div>
            <div>
                        <Link
                                    replace={false}
                                    to="/login"
                        >
                                    <button
                                                className="start-button"
                                    >
                                                Get started
                                    </button>
                        </Link>
            </div>
</div>,
          <img
            alt="line graph"
            className="line-graph"
            src="thin-line.svg"
/>,
        ],
        "className": "welcome",
      },
      "ref": null,
      "rendered": Array [
        Object {
          "instance": null,
          "key": undefined,
          "nodeType": "host",
          "props": Object {
            "children": Array [
              <div>
                <h1
                                className="welcome-title"
                >
                                Coin Watch
                </h1>
                <p>
                                Track your profits and only watch the coins you care about.
                </p>
</div>,
              <div>
                <Link
                                replace={false}
                                to="/login"
                >
                                <button
                                                className="start-button"
                                >
                                                Get started
                                </button>
                </Link>
</div>,
            ],
            "className": "welcome-text",
          },
          "ref": null,
          "rendered": Array [
            Object {
              "instance": null,
              "key": undefined,
              "nodeType": "host",
              "props": Object {
                "children": Array [
                  <h1
                    className="welcome-title"
>
                    Coin Watch
</h1>,
                  <p>
                    Track your profits and only watch the coins you care about.
</p>,
                ],
              },
              "ref": null,
              "rendered": Array [
                Object {
                  "instance": null,
                  "key": undefined,
                  "nodeType": "host",
                  "props": Object {
                    "children": "Coin Watch",
                    "className": "welcome-title",
                  },
                  "ref": null,
                  "rendered": "Coin Watch",
                  "type": "h1",
                },
                Object {
                  "instance": null,
                  "key": undefined,
                  "nodeType": "host",
                  "props": Object {
                    "children": "Track your profits and only watch the coins you care about.",
                  },
                  "ref": null,
                  "rendered": "Track your profits and only watch the coins you care about.",
                  "type": "p",
                },
              ],
              "type": "div",
            },
            Object {
              "instance": null,
              "key": undefined,
              "nodeType": "host",
              "props": Object {
                "children": <Link
                  replace={false}
                  to="/login"
>
                  <button
                                    className="start-button"
                  >
                                    Get started
                  </button>
</Link>,
              },
              "ref": null,
              "rendered": Object {
                "instance": null,
                "key": undefined,
                "nodeType": "class",
                "props": Object {
                  "children": <button
                    className="start-button"
>
                    Get started
</button>,
                  "replace": false,
                  "to": "/login",
                },
                "ref": null,
                "rendered": Object {
                  "instance": null,
                  "key": undefined,
                  "nodeType": "host",
                  "props": Object {
                    "children": "Get started",
                    "className": "start-button",
                  },
                  "ref": null,
                  "rendered": "Get started",
                  "type": "button",
                },
                "type": [Function],
              },
              "type": "div",
            },
          ],
          "type": "div",
        },
        Object {
          "instance": null,
          "key": undefined,
          "nodeType": "host",
          "props": Object {
            "alt": "line graph",
            "className": "line-graph",
            "src": "thin-line.svg",
          },
          "ref": null,
          "rendered": null,
          "type": "img",
        },
      ],
      "type": "div",
    },
  ],
  Symbol(enzyme.__options__): Object {
    "adapter": ReactSixteenAdapter {
      "options": Object {
        "enableComponentDidUpdateOnSetState": true,
      },
    },
  },
}
`;
